01-24 10:07:57.470 17741 17762 I TestRunner: started: accompaniment_menu_item_content(com.example.lunchtray.MenuContentTests)
01-24 10:07:57.478   657  5956 W InputManager-JNI: Input channel object '6efbf60 com.example.lunchtray/androidx.fragment.app.testing.FragmentScenario$EmptyFragmentActivity (client)' was disposed without first being removed with the input manager!
01-24 10:07:57.497 17741 17762 W Settings: Setting always_finish_activities has moved from android.provider.Settings.System to android.provider.Settings.Global, returning read-only value.
01-24 10:07:57.517   438   483 W TransactionTracing: Could not find layer handle 0x75e6558de310
01-24 10:07:57.517   438   483 W TransactionTracing: Could not find layer handle 0x75e6558dd2f0
01-24 10:07:57.518   438   483 W TransactionTracing: Could not find layer id -1
01-24 10:07:57.518   438   483 W TransactionTracing: Could not find layer id -1
01-24 10:07:57.525   885  1182 D SplashScreenView: Build android.window.SplashScreenView{885e627 V.E...... ......ID 0,0-0,0}
01-24 10:07:57.525   885  1182 D SplashScreenView: Icon: view: null drawable: null size: 0
01-24 10:07:57.525   885  1182 D SplashScreenView: Branding: view: android.view.View{64d10d4 G.ED..... ......I. 0,0-0,0 #10204db android:id/splashscreen_branding_view} drawable: null size w: 0 h: 0
01-24 10:07:57.558 17741 17741 D LifecycleMonitor: Lifecycle status change: androidx.test.core.app.InstrumentationActivityInvoker$BootstrapActivity@adf9b7e in: PRE_ON_CREATE
01-24 10:07:57.559 17741 17741 V ActivityScenario: Activity lifecycle changed event received but ignored because the intent does not match. startActivityIntent=Intent { act=android.intent.action.MAIN cat=[android.intent.category.LAUNCHER] cmp=com.example.lunchtray/androidx.fragment.app.testing.FragmentScenario$EmptyFragmentActivity (has extras) }, activity.getIntent()=Intent { act=android.intent.action.MAIN cat=[android.intent.category.LAUNCHER] flg=0x10008000 cmp=com.example.lunchtray/androidx.test.core.app.InstrumentationActivityInvoker$BootstrapActivity (has extras) }, activity=androidx.test.core.app.InstrumentationActivityInvoker$BootstrapActivity@adf9b7e
01-24 10:07:57.560 17741 17741 V ActivityScenario: Activity lifecycle changed event received but ignored because the intent does not match. startActivityIntent=Intent { act=android.intent.action.MAIN cat=[android.intent.category.LAUNCHER] cmp=com.example.lunchtray/androidx.fragment.app.testing.FragmentScenario$EmptyFragmentActivity (has extras) }, activity.getIntent()=Intent { act=android.intent.action.MAIN cat=[android.intent.category.LAUNCHER] flg=0x10008000 cmp=com.example.lunchtray/androidx.test.core.app.InstrumentationActivityInvoker$BootstrapActivity (has extras) }, activity=androidx.test.core.app.InstrumentationActivityInvoker$BootstrapActivity@adf9b7e
01-24 10:07:57.562 17741 17741 V ActivityScenario: Activity lifecycle changed event received but ignored because the intent does not match. startActivityIntent=Intent { act=android.intent.action.MAIN cat=[android.intent.category.LAUNCHER] cmp=com.example.lunchtray/androidx.fragment.app.testing.FragmentScenario$EmptyFragmentActivity (has extras) }, activity.getIntent()=Intent { act=android.intent.action.MAIN cat=[android.intent.category.LAUNCHER] flg=0x10008000 cmp=com.example.lunchtray/androidx.test.core.app.InstrumentationActivityInvoker$BootstrapActivity (has extras) }, activity=androidx.test.core.app.InstrumentationActivityInvoker$BootstrapActivity@adf9b7e
01-24 10:07:57.588 17741 17741 D LifecycleMonitor: Lifecycle status change: androidx.test.core.app.InstrumentationActivityInvoker$BootstrapActivity@adf9b7e in: CREATED
01-24 10:07:57.589 17741 17741 V ActivityScenario: Activity lifecycle changed event received but ignored because the intent does not match. startActivityIntent=Intent { act=android.intent.action.MAIN cat=[android.intent.category.LAUNCHER] cmp=com.example.lunchtray/androidx.fragment.app.testing.FragmentScenario$EmptyFragmentActivity (has extras) }, activity.getIntent()=Intent { act=android.intent.action.MAIN cat=[android.intent.category.LAUNCHER] flg=0x10008000 cmp=com.example.lunchtray/androidx.test.core.app.InstrumentationActivityInvoker$BootstrapActivity (has extras) }, activity=androidx.test.core.app.InstrumentationActivityInvoker$BootstrapActivity@adf9b7e
01-24 10:07:57.589 17741 17741 V ActivityScenario: Activity lifecycle changed event received but ignored because the intent does not match. startActivityIntent=Intent { act=android.intent.action.MAIN cat=[android.intent.category.LAUNCHER] cmp=com.example.lunchtray/androidx.fragment.app.testing.FragmentScenario$EmptyFragmentActivity (has extras) }, activity.getIntent()=Intent { act=android.intent.action.MAIN cat=[android.intent.category.LAUNCHER] flg=0x10008000 cmp=com.example.lunchtray/androidx.test.core.app.InstrumentationActivityInvoker$BootstrapActivity (has extras) }, activity=androidx.test.core.app.InstrumentationActivityInvoker$BootstrapActivity@adf9b7e
01-24 10:07:57.590 17741 17741 V ActivityScenario: Activity lifecycle changed event received but ignored because the intent does not match. startActivityIntent=Intent { act=android.intent.action.MAIN cat=[android.intent.category.LAUNCHER] cmp=com.example.lunchtray/androidx.fragment.app.testing.FragmentScenario$EmptyFragmentActivity (has extras) }, activity.getIntent()=Intent { act=android.intent.action.MAIN cat=[android.intent.category.LAUNCHER] flg=0x10008000 cmp=com.example.lunchtray/androidx.test.core.app.InstrumentationActivityInvoker$BootstrapActivity (has extras) }, activity=androidx.test.core.app.InstrumentationActivityInvoker$BootstrapActivity@adf9b7e
01-24 10:07:57.596   408   471 D goldfish-address-space: claimShared: Ask to claim region [0x3f09a4000 0x3f1348000]
01-24 10:07:57.608 17741 17741 D LifecycleMonitor: Lifecycle status change: androidx.test.core.app.InstrumentationActivityInvoker$BootstrapActivity@adf9b7e in: STARTED
01-24 10:07:57.609 17741 17741 V ActivityScenario: Activity lifecycle changed event received but ignored because the intent does not match. startActivityIntent=Intent { act=android.intent.action.MAIN cat=[android.intent.category.LAUNCHER] cmp=com.example.lunchtray/androidx.fragment.app.testing.FragmentScenario$EmptyFragmentActivity (has extras) }, activity.getIntent()=Intent { act=android.intent.action.MAIN cat=[android.intent.category.LAUNCHER] flg=0x10008000 cmp=com.example.lunchtray/androidx.test.core.app.InstrumentationActivityInvoker$BootstrapActivity (has extras) }, activity=androidx.test.core.app.InstrumentationActivityInvoker$BootstrapActivity@adf9b7e
01-24 10:07:57.609 17741 17741 V ActivityScenario: Activity lifecycle changed event received but ignored because the intent does not match. startActivityIntent=Intent { act=android.intent.action.MAIN cat=[android.intent.category.LAUNCHER] cmp=com.example.lunchtray/androidx.fragment.app.testing.FragmentScenario$EmptyFragmentActivity (has extras) }, activity.getIntent()=Intent { act=android.intent.action.MAIN cat=[android.intent.category.LAUNCHER] flg=0x10008000 cmp=com.example.lunchtray/androidx.test.core.app.InstrumentationActivityInvoker$BootstrapActivity (has extras) }, activity=androidx.test.core.app.InstrumentationActivityInvoker$BootstrapActivity@adf9b7e
01-24 10:07:57.609 17741 17741 V ActivityScenario: Activity lifecycle changed event received but ignored because the intent does not match. startActivityIntent=Intent { act=android.intent.action.MAIN cat=[android.intent.category.LAUNCHER] cmp=com.example.lunchtray/androidx.fragment.app.testing.FragmentScenario$EmptyFragmentActivity (has extras) }, activity.getIntent()=Intent { act=android.intent.action.MAIN cat=[android.intent.category.LAUNCHER] flg=0x10008000 cmp=com.example.lunchtray/androidx.test.core.app.InstrumentationActivityInvoker$BootstrapActivity (has extras) }, activity=androidx.test.core.app.InstrumentationActivityInvoker$BootstrapActivity@adf9b7e
01-24 10:07:57.621 17741 17741 D LifecycleMonitor: Lifecycle status change: androidx.test.core.app.InstrumentationActivityInvoker$BootstrapActivity@adf9b7e in: RESUMED
01-24 10:07:57.622 17741 17741 V ActivityScenario: Activity lifecycle changed event received but ignored because the intent does not match. startActivityIntent=Intent { act=android.intent.action.MAIN cat=[android.intent.category.LAUNCHER] cmp=com.example.lunchtray/androidx.fragment.app.testing.FragmentScenario$EmptyFragmentActivity (has extras) }, activity.getIntent()=Intent { act=android.intent.action.MAIN cat=[android.intent.category.LAUNCHER] flg=0x10008000 cmp=com.example.lunchtray/androidx.test.core.app.InstrumentationActivityInvoker$BootstrapActivity (has extras) }, activity=androidx.test.core.app.InstrumentationActivityInvoker$BootstrapActivity@adf9b7e
01-24 10:07:57.622 17741 17741 V ActivityScenario: Activity lifecycle changed event received but ignored because the intent does not match. startActivityIntent=Intent { act=android.intent.action.MAIN cat=[android.intent.category.LAUNCHER] cmp=com.example.lunchtray/androidx.fragment.app.testing.FragmentScenario$EmptyFragmentActivity (has extras) }, activity.getIntent()=Intent { act=android.intent.action.MAIN cat=[android.intent.category.LAUNCHER] flg=0x10008000 cmp=com.example.lunchtray/androidx.test.core.app.InstrumentationActivityInvoker$BootstrapActivity (has extras) }, activity=androidx.test.core.app.InstrumentationActivityInvoker$BootstrapActivity@adf9b7e
01-24 10:07:57.623 17741 17741 V ActivityScenario: Activity lifecycle changed event received but ignored because the intent does not match. startActivityIntent=Intent { act=android.intent.action.MAIN cat=[android.intent.category.LAUNCHER] cmp=com.example.lunchtray/androidx.fragment.app.testing.FragmentScenario$EmptyFragmentActivity (has extras) }, activity.getIntent()=Intent { act=android.intent.action.MAIN cat=[android.intent.category.LAUNCHER] flg=0x10008000 cmp=com.example.lunchtray/androidx.test.core.app.InstrumentationActivityInvoker$BootstrapActivity (has extras) }, activity=androidx.test.core.app.InstrumentationActivityInvoker$BootstrapActivity@adf9b7e
01-24 10:07:57.629   408   471 D goldfish-address-space: claimShared: Ask to claim region [0x3f1348000 0x3f1cec000]
01-24 10:07:57.642 17741 17741 D LifecycleMonitor: Lifecycle status change: androidx.test.core.app.InstrumentationActivityInvoker$BootstrapActivity@adf9b7e in: PAUSED
01-24 10:07:57.642 17741 17741 V ActivityScenario: Activity lifecycle changed event received but ignored because the intent does not match. startActivityIntent=Intent { act=android.intent.action.MAIN cat=[android.intent.category.LAUNCHER] cmp=com.example.lunchtray/androidx.fragment.app.testing.FragmentScenario$EmptyFragmentActivity (has extras) }, activity.getIntent()=Intent { act=android.intent.action.MAIN cat=[android.intent.category.LAUNCHER] flg=0x10008000 cmp=com.example.lunchtray/androidx.test.core.app.InstrumentationActivityInvoker$BootstrapActivity (has extras) }, activity=androidx.test.core.app.InstrumentationActivityInvoker$BootstrapActivity@adf9b7e
01-24 10:07:57.644 17741 17741 V ActivityScenario: Activity lifecycle changed event received but ignored because the intent does not match. startActivityIntent=Intent { act=android.intent.action.MAIN cat=[android.intent.category.LAUNCHER] cmp=com.example.lunchtray/androidx.fragment.app.testing.FragmentScenario$EmptyFragmentActivity (has extras) }, activity.getIntent()=Intent { act=android.intent.action.MAIN cat=[android.intent.category.LAUNCHER] flg=0x10008000 cmp=com.example.lunchtray/androidx.test.core.app.InstrumentationActivityInvoker$BootstrapActivity (has extras) }, activity=androidx.test.core.app.InstrumentationActivityInvoker$BootstrapActivity@adf9b7e
01-24 10:07:57.644 17741 17741 V ActivityScenario: Activity lifecycle changed event received but ignored because the intent does not match. startActivityIntent=Intent { act=android.intent.action.MAIN cat=[android.intent.category.LAUNCHER] cmp=com.example.lunchtray/androidx.fragment.app.testing.FragmentScenario$EmptyFragmentActivity (has extras) }, activity.getIntent()=Intent { act=android.intent.action.MAIN cat=[android.intent.category.LAUNCHER] flg=0x10008000 cmp=com.example.lunchtray/androidx.test.core.app.InstrumentationActivityInvoker$BootstrapActivity (has extras) }, activity=androidx.test.core.app.InstrumentationActivityInvoker$BootstrapActivity@adf9b7e
01-24 10:07:57.656   408   471 D goldfish-address-space: claimShared: Ask to claim region [0x3f1cec000 0x3f2690000]
01-24 10:07:57.660  2926  2926 I GsaVoiceInteractionSrv: Handling ACTION_STOP_HOTWORD
01-24 10:07:57.664   885  1198 W Parcel  : Expecting binder but got null!
01-24 10:07:57.665  2926  3357 E HwDetectorWithState: a: 3
01-24 10:07:57.711 17741 17741 D LifecycleMonitor: Lifecycle status change: androidx.fragment.app.testing.FragmentScenario$EmptyFragmentActivity@b3cd8ad in: PRE_ON_CREATE
01-24 10:07:57.712 17741 17741 V ActivityScenario: Activity lifecycle changed event received but ignored because the reported transition was not ON_CREATE while the last known transition was DESTROYED
01-24 10:07:57.712 17741 17741 V ActivityScenario: Activity lifecycle changed event received but ignored because the reported transition was not ON_CREATE while the last known transition was DESTROYED
01-24 10:07:57.712 17741 17741 V ActivityScenario: Activity lifecycle changed event received but ignored because the reported transition was not ON_CREATE while the last known transition was PRE_ON_CREATE
01-24 10:07:57.721   408   471 D goldfish-address-space: claimShared: Ask to claim region [0x3f75fe000 0x3f7c2a000]
01-24 10:07:57.730 17741 17741 D LifecycleMonitor: Lifecycle status change: androidx.fragment.app.testing.FragmentScenario$EmptyFragmentActivity@b3cd8ad in: CREATED
01-24 10:07:57.731 17741 17741 V ActivityScenario: Update currentActivityStage to CREATED, currentActivity=androidx.fragment.app.testing.FragmentScenario$EmptyFragmentActivity@b3cd8ad
01-24 10:07:57.732 17741 17741 V ActivityScenario: Update currentActivityStage to CREATED, currentActivity=androidx.fragment.app.testing.FragmentScenario$EmptyFragmentActivity@b3cd8ad
01-24 10:07:57.732 17741 17741 V ActivityScenario: Update currentActivityStage to CREATED, currentActivity=androidx.fragment.app.testing.FragmentScenario$EmptyFragmentActivity@b3cd8ad
01-24 10:07:57.737 17741 17741 D LifecycleMonitor: Lifecycle status change: androidx.fragment.app.testing.FragmentScenario$EmptyFragmentActivity@b3cd8ad in: STARTED
01-24 10:07:57.737 17741 17741 V ActivityScenario: Update currentActivityStage to STARTED, currentActivity=androidx.fragment.app.testing.FragmentScenario$EmptyFragmentActivity@b3cd8ad
01-24 10:07:57.738 17741 17741 V ActivityScenario: Update currentActivityStage to STARTED, currentActivity=androidx.fragment.app.testing.FragmentScenario$EmptyFragmentActivity@b3cd8ad
01-24 10:07:57.739 17741 17741 V ActivityScenario: Update currentActivityStage to STARTED, currentActivity=androidx.fragment.app.testing.FragmentScenario$EmptyFragmentActivity@b3cd8ad
01-24 10:07:57.741 17741 17741 D LifecycleMonitor: Lifecycle status change: androidx.fragment.app.testing.FragmentScenario$EmptyFragmentActivity@b3cd8ad in: RESUMED
01-24 10:07:57.741 17741 17741 V ActivityScenario: Update currentActivityStage to RESUMED, currentActivity=androidx.fragment.app.testing.FragmentScenario$EmptyFragmentActivity@b3cd8ad
01-24 10:07:57.743 17741 17741 V ActivityScenario: Update currentActivityStage to RESUMED, currentActivity=androidx.fragment.app.testing.FragmentScenario$EmptyFragmentActivity@b3cd8ad
01-24 10:07:57.744 17741 17741 V ActivityScenario: Update currentActivityStage to RESUMED, currentActivity=androidx.fragment.app.testing.FragmentScenario$EmptyFragmentActivity@b3cd8ad
01-24 10:07:57.755 17741 17741 D LifecycleMonitor: Lifecycle status change: androidx.test.core.app.InstrumentationActivityInvoker$BootstrapActivity@adf9b7e in: STOPPED
01-24 10:07:57.756 17741 17741 V ActivityScenario: Activity lifecycle changed event received but ignored because the intent does not match. startActivityIntent=Intent { act=android.intent.action.MAIN cat=[android.intent.category.LAUNCHER] cmp=com.example.lunchtray/androidx.fragment.app.testing.FragmentScenario$EmptyFragmentActivity (has extras) }, activity.getIntent()=Intent { act=android.intent.action.MAIN cat=[android.intent.category.LAUNCHER] flg=0x10008000 cmp=com.example.lunchtray/androidx.test.core.app.InstrumentationActivityInvoker$BootstrapActivity (has extras) }, activity=androidx.test.core.app.InstrumentationActivityInvoker$BootstrapActivity@adf9b7e
01-24 10:07:57.756 17741 17741 V ActivityScenario: Activity lifecycle changed event received but ignored because the intent does not match. startActivityIntent=Intent { act=android.intent.action.MAIN cat=[android.intent.category.LAUNCHER] cmp=com.example.lunchtray/androidx.fragment.app.testing.FragmentScenario$EmptyFragmentActivity (has extras) }, activity.getIntent()=Intent { act=android.intent.action.MAIN cat=[android.intent.category.LAUNCHER] flg=0x10008000 cmp=com.example.lunchtray/androidx.test.core.app.InstrumentationActivityInvoker$BootstrapActivity (has extras) }, activity=androidx.test.core.app.InstrumentationActivityInvoker$BootstrapActivity@adf9b7e
01-24 10:07:57.757 17741 17741 V ActivityScenario: Activity lifecycle changed event received but ignored because the intent does not match. startActivityIntent=Intent { act=android.intent.action.MAIN cat=[android.intent.category.LAUNCHER] cmp=com.example.lunchtray/androidx.fragment.app.testing.FragmentScenario$EmptyFragmentActivity (has extras) }, activity.getIntent()=Intent { act=android.intent.action.MAIN cat=[android.intent.category.LAUNCHER] flg=0x10008000 cmp=com.example.lunchtray/androidx.test.core.app.InstrumentationActivityInvoker$BootstrapActivity (has extras) }, activity=androidx.test.core.app.InstrumentationActivityInvoker$BootstrapActivity@adf9b7e
01-24 10:07:57.765   438   483 W TransactionTracing: Could not find layer id -1
01-24 10:07:57.788   885  1198 D EGL_emulation: app_time_stats: avg=34.93ms min=2.19ms max=106.48ms count=20
01-24 10:07:57.795   408   471 D goldfish-address-space: claimShared: Ask to claim region [0x3f8000000 0x3f89a4000]
01-24 10:07:57.813   408   471 D goldfish-address-space: claimShared: Ask to claim region [0x3f89a4000 0x3f9348000]
01-24 10:07:57.819   408   471 D goldfish-address-space: claimShared: Ask to claim region [0x3f9348000 0x3f9cec000]
01-24 10:07:57.824 17741 17764 W Parcel  : Expecting binder but got null!
01-24 10:07:57.830   657   689 W ziparchive: Unable to open '/data/app/~~mLC_jwLszVnjZVxl0Euh3w==/com.example.lunchtray-KAIVwXRP7MAqlwvt-7zXpQ==/base.dm': No such file or directory
01-24 10:07:57.831   438   483 W TransactionTracing: Could not find layer handle 0x75e6558dab90
01-24 10:07:57.831   438   483 W TransactionTracing: Could not find layer handle 0x75e6558dab90
01-24 10:07:57.831   438   483 W TransactionTracing: Could not find layer handle 0x75e6558d93f0
01-24 10:07:57.831   438   483 W TransactionTracing: Could not find layer handle 0x75e6558d7290
01-24 10:07:57.831   438   483 W TransactionTracing: Could not find layer handle 0x75e6558dab90
01-24 10:07:57.840 17741 17741 D AutofillManager: Fill dialog is enabled:false, hints=[password, passwordAuto, creditCardNumber, creditCardSecurityCode, creditCardExpirationDate]
01-24 10:07:57.846   657   689 I ActivityTaskManager: Displayed com.example.lunchtray/androidx.fragment.app.testing.FragmentScenario$EmptyFragmentActivity: +322ms
01-24 10:07:57.922  1600  1600 I GoogleInputMethodService: GoogleInputMethodService.onFinishInput():3220
01-24 10:07:57.924  1600  1600 I GoogleInputMethodService: GoogleInputMethodService.updateDeviceLockedStatus():2114 repeatCheckTimes = 0, unlocked = true
01-24 10:07:57.924  1600  1600 I GoogleInputMethodService: GoogleInputMethodService.onStartInput():1919 onStartInput(EditorInfo{inputType=0x0(NULL) imeOptions=0x0 privateImeOptions=null actionName=UNSPECIFIED actionLabel=null actionId=0 initialSelStart=-1 initialSelEnd=-1 initialCapsMode=0x0 hintText=null label=null packageName=com.example.lunchtray fieldId=-1 fieldName=null extras=null}, false)
01-24 10:07:57.926  1600  1600 I GoogleInputMethodService: GoogleInputMethodService.updateDeviceLockedStatus():2114 repeatCheckTimes = 2, unlocked = true
01-24 10:07:57.932   438   483 W TransactionTracing: Could not find layer handle 0x75e6558ddc50
01-24 10:07:57.932   438   483 W TransactionTracing: Could not find layer id -1
01-24 10:07:57.932   438   483 W TransactionTracing: Could not find layer id -1
01-24 10:07:57.932   438   483 W TransactionTracing: Could not find layer id -1
01-24 10:07:57.932   438   483 W TransactionTracing: Could not find layer id -1
01-24 10:07:57.932   438   483 W TransactionTracing: Could not find layer id -1
01-24 10:07:57.932   438   483 W TransactionTracing: Could not find layer id -1
01-24 10:07:57.955 17741 17741 I ViewInteraction: Checking 'MatchesViewAssertion{viewMatcher=an instance of android.widget.TextView and view.getText() with or without transformation to match: a string containing "Lunch Roll"}' assertion on view view.getId() is <2131230835/com.example.lunchtray:id/bread>
01-24 10:07:57.967   438   483 W TransactionTracing: Could not find layer id -1
01-24 10:07:57.967   438   483 W TransactionTracing: Could not find layer id -1
01-24 10:07:58.004   438   483 W TransactionTracing: Could not find layer id -1
01-24 10:07:58.004   438   483 W TransactionTracing: Could not find layer id -1
01-24 10:07:58.004   438   483 W TransactionTracing: Could not find layer id -1
01-24 10:07:58.035   438   483 W TransactionTracing: Could not find layer handle 0x75e6558d6030
01-24 10:07:58.035   438   483 W TransactionTracing: Could not find layer handle 0x75e6558d6030
01-24 10:07:58.035   438   483 W TransactionTracing: Could not find layer handle 0x75e6558d7a70
01-24 10:07:58.035   438   483 W TransactionTracing: Could not find layer handle 0x75e6558dc690
01-24 10:07:58.035   438   483 W TransactionTracing: Could not find layer id -1
01-24 10:07:58.035   438   483 W TransactionTracing: Could not find layer id -1
01-24 10:07:58.054 17741 17741 I ViewInteraction: Checking 'MatchesViewAssertion{viewMatcher=an instance of android.widget.TextView and view.getText() with or without transformation to match: a string containing "Fresh baked"}' assertion on view view.getId() is <2131230836/com.example.lunchtray:id/bread_description>
01-24 10:07:58.059 17741 17741 I ViewInteraction: Checking 'MatchesViewAssertion{viewMatcher=an instance of android.widget.TextView and view.getText() with or without transformation to match: a string containing "$0.50"}' assertion on view view.getId() is <2131230837/com.example.lunchtray:id/bread_price>
01-24 10:07:58.062 17741 17741 I ViewInteraction: Checking 'MatchesViewAssertion{viewMatcher=an instance of android.widget.TextView and view.getText() with or without transformation to match: a string containing "Mixed Berries"}' assertion on view view.getId() is <2131230825/com.example.lunchtray:id/berries>
01-24 10:07:58.065   438   483 W TransactionTracing: Could not find layer handle 0x75e6558dea90
01-24 10:07:58.065   438   483 W TransactionTracing: Could not find layer handle 0x75e6558da650
01-24 10:07:58.067 17741 17741 I ViewInteraction: Checking 'MatchesViewAssertion{viewMatcher=an instance of android.widget.TextView and view.getText() with or without transformation to match: a string containing "Strawberries"}' assertion on view view.getId() is <2131230826/com.example.lunchtray:id/berries_description>
01-24 10:07:58.071 17741 17741 I ViewInteraction: Checking 'MatchesViewAssertion{viewMatcher=an instance of android.widget.TextView and view.getText() with or without transformation to match: a string containing "$1.00"}' assertion on view view.getId() is <2131230827/com.example.lunchtray:id/berries_price>
01-24 10:07:58.092 17741 17741 I ViewInteraction: Checking 'MatchesViewAssertion{viewMatcher=an instance of android.widget.TextView and view.getText() with or without transformation to match: a string containing "Pickled Veggies"}' assertion on view view.getId() is <2131231113/com.example.lunchtray:id/pickles>
01-24 10:07:58.097 17741 17741 I ViewInteraction: Checking 'MatchesViewAssertion{viewMatcher=an instance of android.widget.TextView and view.getText() with or without transformation to match: a string containing "Pickled cucumbers"}' assertion on view view.getId() is <2131231114/com.example.lunchtray:id/pickles_description>
01-24 10:07:58.102 17741 17741 I ViewInteraction: Checking 'MatchesViewAssertion{viewMatcher=an instance of android.widget.TextView and view.getText() with or without transformation to match: a string containing "$0.50"}' assertion on view view.getId() is <2131231115/com.example.lunchtray:id/pickles_price>
01-24 10:07:58.104 17741 17762 I TestRunner: finished: accompaniment_menu_item_content(com.example.lunchtray.MenuContentTests)
