01-24 10:07:55.997 17741 17762 I TestRunner: started: entree_menu_item_content(com.example.lunchtray.MenuContentTests)
01-24 10:07:56.011 17741 17762 W Settings: Setting always_finish_activities has moved from android.provider.Settings.System to android.provider.Settings.Global, returning read-only value.
01-24 10:07:56.022   438   483 W TransactionTracing: Could not find layer handle 0x75e6558d7e90
01-24 10:07:56.022   438   483 W TransactionTracing: Could not find layer handle 0x75e6558d84f0
01-24 10:07:56.023   438   483 W TransactionTracing: Could not find layer handle 0x75e6558dbc10
01-24 10:07:56.023   438   483 W TransactionTracing: Could not find layer handle 0x75e6558d9ab0
01-24 10:07:56.023   438   483 W TransactionTracing: Could not find layer handle 0x75e6558dbc10
01-24 10:07:56.046   885  1182 D SplashScreenView: Build android.window.SplashScreenView{4312755 V.E...... ......ID 0,0-0,0}
01-24 10:07:56.046   885  1182 D SplashScreenView: Icon: view: null drawable: null size: 0
01-24 10:07:56.046   885  1182 D SplashScreenView: Branding: view: android.view.View{3a7d56a G.ED..... ......I. 0,0-0,0 #10204db android:id/splashscreen_branding_view} drawable: null size w: 0 h: 0
01-24 10:07:56.074 17741 17741 D LifecycleMonitor: Lifecycle status change: androidx.test.core.app.InstrumentationActivityInvoker$BootstrapActivity@bfc9729 in: PRE_ON_CREATE
01-24 10:07:56.079 17741 17741 V ActivityScenario: Activity lifecycle changed event received but ignored because the intent does not match. startActivityIntent=Intent { act=android.intent.action.MAIN cat=[android.intent.category.LAUNCHER] cmp=com.example.lunchtray/androidx.fragment.app.testing.FragmentScenario$EmptyFragmentActivity (has extras) }, activity.getIntent()=Intent { act=android.intent.action.MAIN cat=[android.intent.category.LAUNCHER] flg=0x10008000 cmp=com.example.lunchtray/androidx.test.core.app.InstrumentationActivityInvoker$BootstrapActivity (has extras) }, activity=androidx.test.core.app.InstrumentationActivityInvoker$BootstrapActivity@bfc9729
01-24 10:07:56.082 17741 17741 V ActivityScenario: Activity lifecycle changed event received but ignored because the intent does not match. startActivityIntent=Intent { act=android.intent.action.MAIN cat=[android.intent.category.LAUNCHER] cmp=com.example.lunchtray/androidx.fragment.app.testing.FragmentScenario$EmptyFragmentActivity (has extras) }, activity.getIntent()=Intent { act=android.intent.action.MAIN cat=[android.intent.category.LAUNCHER] flg=0x10008000 cmp=com.example.lunchtray/androidx.test.core.app.InstrumentationActivityInvoker$BootstrapActivity (has extras) }, activity=androidx.test.core.app.InstrumentationActivityInvoker$BootstrapActivity@bfc9729
01-24 10:07:56.111 17741 17741 D LifecycleMonitor: Lifecycle status change: androidx.test.core.app.InstrumentationActivityInvoker$BootstrapActivity@bfc9729 in: CREATED
01-24 10:07:56.112 17741 17741 V ActivityScenario: Activity lifecycle changed event received but ignored because the intent does not match. startActivityIntent=Intent { act=android.intent.action.MAIN cat=[android.intent.category.LAUNCHER] cmp=com.example.lunchtray/androidx.fragment.app.testing.FragmentScenario$EmptyFragmentActivity (has extras) }, activity.getIntent()=Intent { act=android.intent.action.MAIN cat=[android.intent.category.LAUNCHER] flg=0x10008000 cmp=com.example.lunchtray/androidx.test.core.app.InstrumentationActivityInvoker$BootstrapActivity (has extras) }, activity=androidx.test.core.app.InstrumentationActivityInvoker$BootstrapActivity@bfc9729
01-24 10:07:56.113 17741 17741 V ActivityScenario: Activity lifecycle changed event received but ignored because the intent does not match. startActivityIntent=Intent { act=android.intent.action.MAIN cat=[android.intent.category.LAUNCHER] cmp=com.example.lunchtray/androidx.fragment.app.testing.FragmentScenario$EmptyFragmentActivity (has extras) }, activity.getIntent()=Intent { act=android.intent.action.MAIN cat=[android.intent.category.LAUNCHER] flg=0x10008000 cmp=com.example.lunchtray/androidx.test.core.app.InstrumentationActivityInvoker$BootstrapActivity (has extras) }, activity=androidx.test.core.app.InstrumentationActivityInvoker$BootstrapActivity@bfc9729
01-24 10:07:56.119 17741 17741 D LifecycleMonitor: Lifecycle status change: androidx.test.core.app.InstrumentationActivityInvoker$BootstrapActivity@bfc9729 in: STARTED
01-24 10:07:56.119 17741 17741 V ActivityScenario: Activity lifecycle changed event received but ignored because the intent does not match. startActivityIntent=Intent { act=android.intent.action.MAIN cat=[android.intent.category.LAUNCHER] cmp=com.example.lunchtray/androidx.fragment.app.testing.FragmentScenario$EmptyFragmentActivity (has extras) }, activity.getIntent()=Intent { act=android.intent.action.MAIN cat=[android.intent.category.LAUNCHER] flg=0x10008000 cmp=com.example.lunchtray/androidx.test.core.app.InstrumentationActivityInvoker$BootstrapActivity (has extras) }, activity=androidx.test.core.app.InstrumentationActivityInvoker$BootstrapActivity@bfc9729
01-24 10:07:56.120 17741 17741 V ActivityScenario: Activity lifecycle changed event received but ignored because the intent does not match. startActivityIntent=Intent { act=android.intent.action.MAIN cat=[android.intent.category.LAUNCHER] cmp=com.example.lunchtray/androidx.fragment.app.testing.FragmentScenario$EmptyFragmentActivity (has extras) }, activity.getIntent()=Intent { act=android.intent.action.MAIN cat=[android.intent.category.LAUNCHER] flg=0x10008000 cmp=com.example.lunchtray/androidx.test.core.app.InstrumentationActivityInvoker$BootstrapActivity (has extras) }, activity=androidx.test.core.app.InstrumentationActivityInvoker$BootstrapActivity@bfc9729
01-24 10:07:56.150 17741 17741 D LifecycleMonitor: Lifecycle status change: androidx.test.core.app.InstrumentationActivityInvoker$BootstrapActivity@bfc9729 in: RESUMED
01-24 10:07:56.151 17741 17741 V ActivityScenario: Activity lifecycle changed event received but ignored because the intent does not match. startActivityIntent=Intent { act=android.intent.action.MAIN cat=[android.intent.category.LAUNCHER] cmp=com.example.lunchtray/androidx.fragment.app.testing.FragmentScenario$EmptyFragmentActivity (has extras) }, activity.getIntent()=Intent { act=android.intent.action.MAIN cat=[android.intent.category.LAUNCHER] flg=0x10008000 cmp=com.example.lunchtray/androidx.test.core.app.InstrumentationActivityInvoker$BootstrapActivity (has extras) }, activity=androidx.test.core.app.InstrumentationActivityInvoker$BootstrapActivity@bfc9729
01-24 10:07:56.152 17741 17741 V ActivityScenario: Activity lifecycle changed event received but ignored because the intent does not match. startActivityIntent=Intent { act=android.intent.action.MAIN cat=[android.intent.category.LAUNCHER] cmp=com.example.lunchtray/androidx.fragment.app.testing.FragmentScenario$EmptyFragmentActivity (has extras) }, activity.getIntent()=Intent { act=android.intent.action.MAIN cat=[android.intent.category.LAUNCHER] flg=0x10008000 cmp=com.example.lunchtray/androidx.test.core.app.InstrumentationActivityInvoker$BootstrapActivity (has extras) }, activity=androidx.test.core.app.InstrumentationActivityInvoker$BootstrapActivity@bfc9729
01-24 10:07:56.192  2926  2926 I GsaVoiceInteractionSrv: Handling ACTION_STOP_HOTWORD
01-24 10:07:56.195  2926  3358 E HwDetectorWithState: a: 3
01-24 10:07:56.204 17741 17741 D LifecycleMonitor: Lifecycle status change: androidx.test.core.app.InstrumentationActivityInvoker$BootstrapActivity@bfc9729 in: PAUSED
01-24 10:07:56.204 17741 17741 V ActivityScenario: Activity lifecycle changed event received but ignored because the intent does not match. startActivityIntent=Intent { act=android.intent.action.MAIN cat=[android.intent.category.LAUNCHER] cmp=com.example.lunchtray/androidx.fragment.app.testing.FragmentScenario$EmptyFragmentActivity (has extras) }, activity.getIntent()=Intent { act=android.intent.action.MAIN cat=[android.intent.category.LAUNCHER] flg=0x10008000 cmp=com.example.lunchtray/androidx.test.core.app.InstrumentationActivityInvoker$BootstrapActivity (has extras) }, activity=androidx.test.core.app.InstrumentationActivityInvoker$BootstrapActivity@bfc9729
01-24 10:07:56.205 17741 17741 V ActivityScenario: Activity lifecycle changed event received but ignored because the intent does not match. startActivityIntent=Intent { act=android.intent.action.MAIN cat=[android.intent.category.LAUNCHER] cmp=com.example.lunchtray/androidx.fragment.app.testing.FragmentScenario$EmptyFragmentActivity (has extras) }, activity.getIntent()=Intent { act=android.intent.action.MAIN cat=[android.intent.category.LAUNCHER] flg=0x10008000 cmp=com.example.lunchtray/androidx.test.core.app.InstrumentationActivityInvoker$BootstrapActivity (has extras) }, activity=androidx.test.core.app.InstrumentationActivityInvoker$BootstrapActivity@bfc9729
01-24 10:07:56.222 17741 17741 D LifecycleMonitor: Lifecycle status change: androidx.fragment.app.testing.FragmentScenario$EmptyFragmentActivity@62d1274 in: PRE_ON_CREATE
01-24 10:07:56.224 17741 17741 V ActivityScenario: Activity lifecycle changed event received but ignored because the reported transition was not ON_CREATE while the last known transition was DESTROYED
01-24 10:07:56.226 17741 17741 V ActivityScenario: Activity lifecycle changed event received but ignored because the reported transition was not ON_CREATE while the last known transition was PRE_ON_CREATE
01-24 10:07:56.232 17741 17741 D LifecycleMonitor: Lifecycle status change: androidx.fragment.app.testing.FragmentScenario$EmptyFragmentActivity@62d1274 in: CREATED
01-24 10:07:56.232 17741 17741 V ActivityScenario: Update currentActivityStage to CREATED, currentActivity=androidx.fragment.app.testing.FragmentScenario$EmptyFragmentActivity@62d1274
01-24 10:07:56.232 17741 17741 V ActivityScenario: Update currentActivityStage to CREATED, currentActivity=androidx.fragment.app.testing.FragmentScenario$EmptyFragmentActivity@62d1274
01-24 10:07:56.244 17741 17741 D LifecycleMonitor: Lifecycle status change: androidx.fragment.app.testing.FragmentScenario$EmptyFragmentActivity@62d1274 in: STARTED
01-24 10:07:56.245 17741 17741 V ActivityScenario: Update currentActivityStage to STARTED, currentActivity=androidx.fragment.app.testing.FragmentScenario$EmptyFragmentActivity@62d1274
01-24 10:07:56.245 17741 17741 V ActivityScenario: Update currentActivityStage to STARTED, currentActivity=androidx.fragment.app.testing.FragmentScenario$EmptyFragmentActivity@62d1274
01-24 10:07:56.247 17741 17741 D LifecycleMonitor: Lifecycle status change: androidx.fragment.app.testing.FragmentScenario$EmptyFragmentActivity@62d1274 in: RESUMED
01-24 10:07:56.248 17741 17741 V ActivityScenario: Update currentActivityStage to RESUMED, currentActivity=androidx.fragment.app.testing.FragmentScenario$EmptyFragmentActivity@62d1274
01-24 10:07:56.248 17741 17741 V ActivityScenario: Update currentActivityStage to RESUMED, currentActivity=androidx.fragment.app.testing.FragmentScenario$EmptyFragmentActivity@62d1274
01-24 10:07:56.249   885  1182 D SplashScreenView: Build android.window.SplashScreenView{b29a7c2 V.E...... ......ID 0,0-0,0}
01-24 10:07:56.249   885  1182 D SplashScreenView: Icon: view: null drawable: null size: 0
01-24 10:07:56.249   885  1182 D SplashScreenView: Branding: view: android.view.View{3e5b9d3 G.ED..... ......I. 0,0-0,0 #10204db android:id/splashscreen_branding_view} drawable: null size w: 0 h: 0
01-24 10:07:56.280 17741 17741 D LifecycleMonitor: Lifecycle status change: androidx.test.core.app.InstrumentationActivityInvoker$BootstrapActivity@bfc9729 in: STOPPED
01-24 10:07:56.281 17741 17741 V ActivityScenario: Activity lifecycle changed event received but ignored because the intent does not match. startActivityIntent=Intent { act=android.intent.action.MAIN cat=[android.intent.category.LAUNCHER] cmp=com.example.lunchtray/androidx.fragment.app.testing.FragmentScenario$EmptyFragmentActivity (has extras) }, activity.getIntent()=Intent { act=android.intent.action.MAIN cat=[android.intent.category.LAUNCHER] flg=0x10008000 cmp=com.example.lunchtray/androidx.test.core.app.InstrumentationActivityInvoker$BootstrapActivity (has extras) }, activity=androidx.test.core.app.InstrumentationActivityInvoker$BootstrapActivity@bfc9729
01-24 10:07:56.284 17741 17741 V ActivityScenario: Activity lifecycle changed event received but ignored because the intent does not match. startActivityIntent=Intent { act=android.intent.action.MAIN cat=[android.intent.category.LAUNCHER] cmp=com.example.lunchtray/androidx.fragment.app.testing.FragmentScenario$EmptyFragmentActivity (has extras) }, activity.getIntent()=Intent { act=android.intent.action.MAIN cat=[android.intent.category.LAUNCHER] flg=0x10008000 cmp=com.example.lunchtray/androidx.test.core.app.InstrumentationActivityInvoker$BootstrapActivity (has extras) }, activity=androidx.test.core.app.InstrumentationActivityInvoker$BootstrapActivity@bfc9729
01-24 10:07:56.299   438   483 W TransactionTracing: Could not find layer id -1
01-24 10:07:56.301   438   483 W TransactionTracing: Could not find layer id -1
01-24 10:07:56.314   408   471 D goldfish-address-space: claimShared: Ask to claim region [0x3f09a4000 0x3f1348000]
01-24 10:07:56.340   438   483 W TransactionTracing: Could not find layer handle 0x75e6558d7a70
01-24 10:07:56.340   438   483 W TransactionTracing: Could not find layer handle 0x75e6558dec10
01-24 10:07:56.347   408   471 D goldfish-address-space: claimShared: Ask to claim region [0x3f1348000 0x3f1cec000]
01-24 10:07:56.365   408   471 D goldfish-address-space: claimShared: Ask to claim region [0x3f1cec000 0x3f2690000]
01-24 10:07:56.370 17741 17764 W Parcel  : Expecting binder but got null!
01-24 10:07:56.390 17741 17741 D AutofillManager: Fill dialog is enabled:false, hints=[password, passwordAuto, creditCardNumber, creditCardSecurityCode, creditCardExpirationDate]
01-24 10:07:56.393   657   689 W ziparchive: Unable to open '/data/app/~~mLC_jwLszVnjZVxl0Euh3w==/com.example.lunchtray-KAIVwXRP7MAqlwvt-7zXpQ==/base.dm': No such file or directory
01-24 10:07:56.394   657   689 I ActivityTaskManager: Displayed com.example.lunchtray/androidx.fragment.app.testing.FragmentScenario$EmptyFragmentActivity: +360ms
01-24 10:07:56.398   408   471 D goldfish-address-space: claimShared: Ask to claim region [0x3f8000000 0x3f89a4000]
01-24 10:07:56.406   408   471 D goldfish-address-space: claimShared: Ask to claim region [0x3f89a4000 0x3f9348000]
01-24 10:07:56.413   408   471 D goldfish-address-space: claimShared: Ask to claim region [0x3f9348000 0x3f9cec000]
01-24 10:07:56.415   438   483 W TransactionTracing: Could not find layer id -1
01-24 10:07:56.432   885  1198 W Parcel  : Expecting binder but got null!
01-24 10:07:56.516 17741 17749 I ample.lunchtray: Compiler allocated 4160KB to compile void android.widget.TextView.<init>(android.content.Context, android.util.AttributeSet, int, int)
01-24 10:07:56.532   438   483 W TransactionTracing: Could not find layer handle 0x75e6558d95d0
01-24 10:07:56.538  1600  1600 I GoogleInputMethodService: GoogleInputMethodService.onFinishInput():3220
01-24 10:07:56.540  1600  1600 I GoogleInputMethodService: GoogleInputMethodService.updateDeviceLockedStatus():2114 repeatCheckTimes = 0, unlocked = true
01-24 10:07:56.541  1600  1600 I GoogleInputMethodService: GoogleInputMethodService.onStartInput():1919 onStartInput(EditorInfo{inputType=0x0(NULL) imeOptions=0x0 privateImeOptions=null actionName=UNSPECIFIED actionLabel=null actionId=0 initialSelStart=-1 initialSelEnd=-1 initialCapsMode=0x0 hintText=null label=null packageName=com.example.lunchtray fieldId=-1 fieldName=null extras=null}, false)
01-24 10:07:56.543  1600  1600 I GoogleInputMethodService: GoogleInputMethodService.updateDeviceLockedStatus():2114 repeatCheckTimes = 2, unlocked = true
01-24 10:07:56.568   438   483 W TransactionTracing: Could not find layer handle 0x75e6558d72f0
01-24 10:07:56.601 17741 17741 I ViewInteraction: Checking 'MatchesViewAssertion{viewMatcher=an instance of android.widget.TextView and view.getText() with or without transformation to match: a string containing "Cauliflower"}' assertion on view view.getId() is <2131230844/com.example.lunchtray:id/cauliflower>
01-24 10:07:56.701 17741 17741 I ViewInteraction: Checking 'MatchesViewAssertion{viewMatcher=an instance of android.widget.TextView and view.getText() with or without transformation to match: a string containing "Whole cauliflower"}' assertion on view view.getId() is <2131230845/com.example.lunchtray:id/cauliflower_description>
01-24 10:07:56.704 17741 17741 I ViewInteraction: Checking 'MatchesViewAssertion{viewMatcher=an instance of android.widget.TextView and view.getText() with or without transformation to match: a string containing "$7.00"}' assertion on view view.getId() is <2131230846/com.example.lunchtray:id/cauliflower_price>
01-24 10:07:56.707 17741 17741 I ViewInteraction: Checking 'MatchesViewAssertion{viewMatcher=an instance of android.widget.TextView and view.getText() with or without transformation to match: a string containing "Three Bean Chili"}' assertion on view view.getId() is <2131230858/com.example.lunchtray:id/chili>
01-24 10:07:56.711 17741 17741 I ViewInteraction: Checking 'MatchesViewAssertion{viewMatcher=an instance of android.widget.TextView and view.getText() with or without transformation to match: a string containing "Black beans"}' assertion on view view.getId() is <2131230859/com.example.lunchtray:id/chili_description>
01-24 10:07:56.716 17741 17741 I ViewInteraction: Checking 'MatchesViewAssertion{viewMatcher=an instance of android.widget.TextView and view.getText() with or without transformation to match: a string containing "$4.00"}' assertion on view view.getId() is <2131230860/com.example.lunchtray:id/chili_price>
01-24 10:07:56.717   438   483 W TransactionTracing: Could not find layer handle 0x75e6558ddd70
01-24 10:07:56.717   438   483 W TransactionTracing: Could not find layer handle 0x75e6558db070
01-24 10:07:56.717   438   483 W TransactionTracing: Could not find layer handle 0x75e6558db070
01-24 10:07:56.717   438   483 W TransactionTracing: Could not find layer handle 0x75e6558ddd70
01-24 10:07:56.717   438   483 W TransactionTracing: Could not find layer id -1
01-24 10:07:56.720 17741 17741 I ViewInteraction: Checking 'MatchesViewAssertion{viewMatcher=an instance of android.widget.TextView and view.getText() with or without transformation to match: a string containing "Mushroom Pasta"}' assertion on view view.getId() is <2131231106/com.example.lunchtray:id/pasta>
01-24 10:07:56.724 17741 17741 I ViewInteraction: Checking 'MatchesViewAssertion{viewMatcher=an instance of android.widget.TextView and view.getText() with or without transformation to match: a string containing "Penne pasta"}' assertion on view view.getId() is <2131231107/com.example.lunchtray:id/pasta_description>
01-24 10:07:56.727 17741 17741 I ViewInteraction: Checking 'MatchesViewAssertion{viewMatcher=an instance of android.widget.TextView and view.getText() with or without transformation to match: a string containing "$5.50"}' assertion on view view.getId() is <2131231108/com.example.lunchtray:id/pasta_price>
01-24 10:07:56.733 17741 17741 I ViewInteraction: Checking 'MatchesViewAssertion{viewMatcher=an instance of android.widget.TextView and view.getText() with or without transformation to match: a string containing "Spicy Black Bean"}' assertion on view view.getId() is <2131231175/com.example.lunchtray:id/skillet>
01-24 10:07:56.734   438   483 W TransactionTracing: Could not find layer handle 0x75e6558dab90
01-24 10:07:56.739 17741 17741 I ViewInteraction: Checking 'MatchesViewAssertion{viewMatcher=an instance of android.widget.TextView and view.getText() with or without transformation to match: a string containing "Seasonal vegetables"}' assertion on view view.getId() is <2131231176/com.example.lunchtray:id/skillet_description>
01-24 10:07:56.745 17741 17741 I ViewInteraction: Checking 'MatchesViewAssertion{viewMatcher=an instance of android.widget.TextView and view.getText() with or without transformation to match: a string containing "$5.50"}' assertion on view view.getId() is <2131231177/com.example.lunchtray:id/skillet_price>
01-24 10:07:56.748 17741 17762 I TestRunner: finished: entree_menu_item_content(com.example.lunchtray.MenuContentTests)
